{
  "token" : "No Token",
  "status" : "No Token"
}