{
  "responseType" : null,
  "errors" : [ {
    "key" : 0,
    "message" : "Item 0 has a lead time of 0 but must be > 0"
  } ],
  "data" : [ ]
}