{
  "responseType" : "MULTILINE",
  "errors" : [ {
    "key" : 1,
    "message" : "Added 8 line items to order 6"
  } ],
  "data" : [ {
    "id" : 6,
    "crudAction" : "INSERT",
    "itemId" : 1,
    "quantityOrdered" : 10.0,
    "quantityAssigned" : 0.0,
    "startDate" : "2025-0801",
    "completeDate" : "2025-0803",
    "parentOliId" : 0,
    "orderState" : "OPEN",
    "orderType" : "MOHEAD"
  } ]
}