{
  "responseType" : "MULTILINE",
  "errors" : [ ],
  "data" : [ {
    "id" : 0,
    "activityState" : "NONE",
    "message" : "  14    2       0     6.00   0.00  2025-0901  2025-0903 OPEN  MODET NONE"
  }, {
    "id" : 0,
    "activityState" : "NONE",
    "message" : "  15    5       0     9.00   0.00  2025-0901  2025-0003 OPEN  MODET NONE"
  }, {
    "id" : 0,
    "activityState" : "NONE",
    "message" : "  18   13      14     6.00   0.00  2025-0901  2025-0903 OPEN  MODET NONE"
  }, {
    "id" : 0,
    "activityState" : "NONE",
    "message" : "  19   14      14     1.50   0.00  2025-0901  2025-0903 OPEN  MODET NONE"
  }, {
    "id" : 0,
    "activityState" : "NONE",
    "message" : "  20   17      15    13.50   0.00  2025-0901  2025-0003 OPEN  MODET NONE"
  } ]
}