{
  "responseType" : null,
  "errors" : [ ],
  "data" : [ {
    "id" : 0,
    "crudAction" : "NONE",
    "message" : "OrdereLineItems deleted"
  }, {
    "id" : 0,
    "crudAction" : "NONE",
    "message" : "Order Line Items PK reset"
  } ]
}