{
  "responseType" : "MULTILINE",
  "errors" : [ ],
  "data" : [ {
    "id" : 0,
    "crudAction" : "NONE",
    "message" : "  15    3        0   500.00     0.00  2025-0914  2025-0915 OPEN MOHEAD NONE"
  }, {
    "id" : 0,
    "crudAction" : "NONE",
    "message" : "   1    5        0     6.00     0.00  2025-0901  2025-0913 OPEN MOHEAD NONE"
  }, {
    "id" : 0,
    "crudAction" : "NONE",
    "message" : "  16    5       15   500.00     0.00  2025-0913  2025-0914 OPEN  MODET NONE"
  }, {
    "id" : 0,
    "crudAction" : "NONE",
    "message" : "   4    5        0   500.00     0.00  2025-0911  2025-0915 OPEN MOHEAD NONE"
  }, {
    "id" : 0,
    "crudAction" : "NONE",
    "message" : "   6    5        0  1000.00     0.00  2025-1011  2025-1015 OPEN MOHEAD NONE"
  }, {
    "id" : 0,
    "crudAction" : "NONE",
    "message" : "   8    5        0  1500.00     0.00  2025-1111  2025-1115 OPEN MOHEAD NONE"
  }, {
    "id" : 0,
    "crudAction" : "NONE",
    "message" : "  10    5        0    50.00     0.00  2025-1211  2025-1215 OPEN MOHEAD NONE"
  }, {
    "id" : 0,
    "crudAction" : "NONE",
    "message" : "  17    9       15  1000.00     0.00  2025-0913  2025-0914 OPEN  MODET NONE"
  }, {
    "id" : 0,
    "crudAction" : "NONE",
    "message" : "  18   11       15  1000.00     0.00  2025-0913  2025-0914 OPEN  MODET NONE"
  }, {
    "id" : 0,
    "crudAction" : "NONE",
    "message" : "  19   12       15  1000.00     0.00  2025-0913  2025-0914 OPEN  MODET NONE"
  }, {
    "id" : 0,
    "crudAction" : "NONE",
    "message" : "   3   17        0  1000.00     0.00  2025-0823  2025-0828 OPEN     PO NONE"
  }, {
    "id" : 0,
    "crudAction" : "NONE",
    "message" : "   2   17        1     9.00     0.00  2025-0828  2025-0901 OPEN  MODET NONE"
  }, {
    "id" : 0,
    "crudAction" : "NONE",
    "message" : "   5   17        4   750.00     0.00  2025-0907  2025-0911 OPEN  MODET NONE"
  }, {
    "id" : 0,
    "crudAction" : "NONE",
    "message" : "  12   17        0  1259.00     0.00  2025-1002  2025-1007 OPEN     PO NONE"
  }, {
    "id" : 0,
    "crudAction" : "NONE",
    "message" : "   7   17        6  1500.00     0.00  2025-1007  2025-1011 OPEN  MODET NONE"
  }, {
    "id" : 0,
    "crudAction" : "NONE",
    "message" : "  13   17        0  2250.00     0.00  2025-1102  2025-1107 OPEN     PO NONE"
  }, {
    "id" : 0,
    "crudAction" : "NONE",
    "message" : "   9   17        8  2250.00     0.00  2025-1107  2025-1111 OPEN  MODET NONE"
  }, {
    "id" : 0,
    "crudAction" : "NONE",
    "message" : "  14   17        0  1000.00     0.00  2025-1202  2025-1207 OPEN     PO NONE"
  }, {
    "id" : 0,
    "crudAction" : "NONE",
    "message" : "  11   17       10    75.00     0.00  2025-1207  2025-1211 OPEN  MODET NONE"
  } ]
}