{
  "responseType" : null,
  "errors" : [ ],
  "data" : [ {
    "id" : 0,
    "crudAction" : "NONE",
    "message" : "  --------             Adjustment        -------       ----  Item  ----"
  }, {
    "id" : 0,
    "crudAction" : "NONE",
    "message" : "  Amount    Item   Order   Type       Date  AdTp       Summary    Balance"
  }, {
    "id" : 0,
    "crudAction" : "NONE",
    "message" : "    1.00       1       0   NA    2025-0728  ITEM         W-001       7.00"
  } ]
}