{
  "responseType" : null,
  "errors" : [ {
    "key" : 0,
    "message" : "Order (3) Item 17 and Adjustment Item 1 must specify same item."
  } ],
  "data" : [ ]
}