{
  "responseType" : null,
  "errors" : [ {
    "key" : 0,
    "message" : "Adustment item ref (17) not found"
  } ],
  "data" : [ ]
}