{
  "timestamp" : "2025-05-20T01:36:17.504+00:00",
  "status" : 400,
  "error" : "Bad Request",
  "path" : "/bomArray/update"
}