{
  "responseType" : "QUERY",
  "errors" : [ {
    "key" : 1,
    "code" : "Ancestor matches child",
    "message" : "Parent and proposed child are same item.  6"
  } ],
  "data" : [ ],
  "arrayOfUpdatedComponents" : [ ]
}