{
  "responseType" : "MULTILINE",
  "errors" : [ ],
  "data" : [ {
    "id" : 0,
    "activityState" : "INSERT",
    "summaryId" : "W-101",
    "description" : "Blue Wagon",
    "unitCost" : 1.0,
    "sourcing" : "PUR",
    "leadTime" : 0,
    "maxDepth" : 0
  } ]
}