{
  "responseType" : "QUERY",
  "errors" : [ ],
  "data" : [ {
    "id" : 0,
    "activityState" : "NONE",
    "message" : "----Parent 0001: W-001,36 In Red Wagon     0.00 MAN   0   2 tested for maxdepth 1"
  }, {
    "id" : 0,
    "activityState" : "NONE",
    "message" : "0002: W-002,Red Wagon Body     0.00 MAN   0  10 depth changing from 0 to 1"
  }, {
    "id" : 0,
    "activityState" : "NONE",
    "message" : "----Parent 0002: W-002,Red Wagon Body     0.00 MAN   1  10 tested for maxdepth 2"
  }, {
    "id" : 0,
    "activityState" : "NONE",
    "message" : "0014: W-013,Wagon Body     2.25 PUR   0  20 depth changing from 0 to 2"
  }, {
    "id" : 0,
    "activityState" : "NONE",
    "message" : "----Parent 0001: W-001,36 In Red Wagon     0.00 MAN   0   2 tested for maxdepth 1"
  }, {
    "id" : 0,
    "activityState" : "NONE",
    "message" : "0003: W-003,Front Wheel Asmbly     0.00 MAN   0   1 depth changing from 0 to 1"
  }, {
    "id" : 0,
    "activityState" : "NONE",
    "message" : "Report Comppleted"
  } ]
}