{
  "timestamp" : "2025-06-17T17:05:10.746+00:00",
  "status" : 404,
  "error" : "Not Found",
  "path" : "/oli/showall"
}