{
  "responseType" : "MULTILINE",
  "errors" : [ {
    "key" : 1,
    "message" : "No items were processed, either due to errors or no actionable inputs."
  } ],
  "data" : [ ]
}